[    0.000000] Linux version 4.15.0-208-generic (buildd@lcy02-amd64-015) (gcc version 7.5.0 (Ubuntu 7.5.0-3ubuntu1~18.04)) #220-Ubuntu SMP Mon Mar 20 14:27:01 UTC 2023 (Ubuntu 4.15.0-208.220-generic 4.15.18)
[    0.000000] Command line: BOOT_IMAGE=/boot/vmlinuz-4.15.0-208-generic root=LABEL=cloudimg-rootfs ro console=tty1 console=ttyS0
[    0.000000] KERNEL supported cpus:
[    0.000000]   Intel GenuineIntel
[    0.000000]   AMD AuthenticAMD
[    0.000000]   Centaur CentaurHauls
[    0.000000] x86/fpu: Supporting XSAVE feature 0x001: 'x87 floating point registers'
[    0.000000] x86/fpu: Supporting XSAVE feature 0x002: 'SSE registers'
[    0.000000] x86/fpu: Supporting XSAVE feature 0x004: 'AVX registers'
[    0.000000] x86/fpu: xstate_offset[2]:  576, xstate_sizes[2]:  256
[    0.000000] x86/fpu: Enabled xstate features 0x7, context size is 832 bytes, using 'standard' format.
[    0.000000] e820: BIOS-provided physical RAM map:
[    0.000000] BIOS-e820: [mem 0x0000000000000000-0x000000000009fbff] usable
[    0.000000] BIOS-e820: [mem 0x000000000009fc00-0x000000000009ffff] reserved
[    0.000000] BIOS-e820: [mem 0x00000000000f0000-0x00000000000fffff] reserved
[    0.000000] BIOS-e820: [mem 0x0000000000100000-0x000000003ffeffff] usable
[    0.000000] BIOS-e820: [mem 0x000000003fff0000-0x000000003fffffff] ACPI data
[    0.000000] BIOS-e820: [mem 0x00000000fec00000-0x00000000fec00fff] reserved
[    0.000000] BIOS-e820: [mem 0x00000000fee00000-0x00000000fee00fff] reserved
[    0.000000] BIOS-e820: [mem 0x00000000fffc0000-0x00000000ffffffff] reserved
[    0.000000] NX (Execute Disable) protection: active
[    0.000000] SMBIOS 2.5 present.
[    0.000000] DMI: innotek GmbH VirtualBox/VirtualBox, BIOS VirtualBox 12/01/2006
[    0.000000] Hypervisor detected: KVM
[    0.000000] e820: last_pfn = 0x3fff0 max_arch_pfn = 0x400000000
[    0.000000] MTRR: Disabled
[    0.000000] x86/PAT: MTRRs disabled, skipping PAT initialization too.
[    0.000000] CPU MTRRs all blank - virtualized system.
[    0.000000] x86/PAT: Configuration [0-7]: WB  WT  UC- UC  WB  WT  UC- UC  
[    0.000000] found SMP MP-table at [mem 0x0009fff0-0x0009ffff]
[    0.000000] Scanning 1 areas for low memory corruption
[    0.000000] RAMDISK: [mem 0x359c9000-0x36cdbfff]
[    0.000000] ACPI: Early table checksum verification disabled
[    0.000000] ACPI: RSDP 0x00000000000E0000 000024 (v02 VBOX  )
[    0.000000] ACPI: XSDT 0x000000003FFF0030 00003C (v01 VBOX   VBOXXSDT 00000001 ASL  00000061)
[    0.000000] ACPI: FACP 0x000000003FFF00F0 0000F4 (v04 VBOX   VBOXFACP 00000001 ASL  00000061)
[    0.000000] ACPI: DSDT 0x000000003FFF0610 002353 (v02 VBOX   VBOXBIOS 00000002 INTL 20200528)
[    0.000000] ACPI: FACS 0x000000003FFF0200 000040
[    0.000000] ACPI: FACS 0x000000003FFF0200 000040
[    0.000000] ACPI: APIC 0x000000003FFF0240 00005C (v02 VBOX   VBOXAPIC 00000001 ASL  00000061)
[    0.000000] ACPI: SSDT 0x000000003FFF02A0 00036C (v01 VBOX   VBOXCPUT 00000002 INTL 20200528)
[    0.000000] ACPI: Reserving FACP table memory at [mem 0x3fff00f0-0x3fff01e3]
[    0.000000] ACPI: Reserving DSDT table memory at [mem 0x3fff0610-0x3fff2962]
[    0.000000] ACPI: Reserving FACS table memory at [mem 0x3fff0200-0x3fff023f]
[    0.000000] ACPI: Reserving FACS table memory at [mem 0x3fff0200-0x3fff023f]
[    0.000000] ACPI: Reserving APIC table memory at [mem 0x3fff0240-0x3fff029b]
[    0.000000] ACPI: Reserving SSDT table memory at [mem 0x3fff02a0-0x3fff060b]
[    0.000000] No NUMA configuration found
[    0.000000] Faking a node at [mem 0x0000000000000000-0x000000003ffeffff]
[    0.000000] NODE_DATA(0) allocated [mem 0x3ffc5000-0x3ffeffff]
[    0.000000] kvm-clock: cpu 0, msr 0:3ff44001, primary cpu clock
[    0.000000] kvm-clock: Using msrs 4b564d01 and 4b564d00
[    0.000000] kvm-clock: using sched offset of 3542048890 cycles
[    0.000000] clocksource: kvm-clock: mask: 0xffffffffffffffff max_cycles: 0x1cd42e4dffb, max_idle_ns: 881590591483 ns
[    0.000000] Zone ranges:
[    0.000000]   DMA      [mem 0x0000000000001000-0x0000000000ffffff]
[    0.000000]   DMA32    [mem 0x0000000001000000-0x000000003ffeffff]
[    0.000000]   Normal   empty
[    0.000000]   Device   empty
[    0.000000] Movable zone start for each node
[    0.000000] Early memory node ranges
[    0.000000]   node   0: [mem 0x0000000000001000-0x000000000009efff]
[    0.000000]   node   0: [mem 0x0000000000100000-0x000000003ffeffff]
[    0.000000] Reserved but unavailable: 104 pages
[    0.000000] Initmem setup node 0 [mem 0x0000000000001000-0x000000003ffeffff]
[    0.000000] ACPI: PM-Timer IO Port: 0x4008
[    0.000000] IOAPIC[0]: apic_id 2, version 32, address 0xfec00000, GSI 0-23
[    0.000000] ACPI: INT_SRC_OVR (bus 0 bus_irq 0 global_irq 2 dfl dfl)
[    0.000000] ACPI: INT_SRC_OVR (bus 0 bus_irq 9 global_irq 9 low level)
[    0.000000] Using ACPI (MADT) for SMP configuration information
[    0.000000] smpboot: Allowing 2 CPUs, 0 hotplug CPUs
[    0.000000] PM: Registered nosave memory: [mem 0x00000000-0x00000fff]
[    0.000000] PM: Registered nosave memory: [mem 0x0009f000-0x0009ffff]
[    0.000000] PM: Registered nosave memory: [mem 0x000a0000-0x000effff]
[    0.000000] PM: Registered nosave memory: [mem 0x000f0000-0x000fffff]
[    0.000000] e820: [mem 0x40000000-0xfebfffff] available for PCI devices
[    0.000000] Booting paravirtualized kernel on KVM
[    0.000000] clocksource: refined-jiffies: mask: 0xffffffff max_cycles: 0xffffffff, max_idle_ns: 7645519600211568 ns
[    0.000000] setup_percpu: NR_CPUS:8192 nr_cpumask_bits:2 nr_cpu_ids:2 nr_node_ids:1
[    0.000000] percpu: Embedded 50 pages/cpu s167936 r8192 d28672 u1048576
[    0.000000] PV qspinlock hash table entries: 256 (order: 0, 4096 bytes)
[    0.000000] Built 1 zonelists, mobility grouping on.  Total pages: 257913
[    0.000000] Policy zone: DMA32
[    0.000000] Kernel command line: BOOT_IMAGE=/boot/vmlinuz-4.15.0-208-generic root=LABEL=cloudimg-rootfs ro console=tty1 console=ttyS0
[    0.000000] Memory: 982640K/1048120K available (12300K kernel code, 2477K rwdata, 4324K rodata, 2480K init, 2720K bss, 65480K reserved, 0K cma-reserved)
[    0.000000] SLUB: HWalign=64, Order=0-3, MinObjects=0, CPUs=2, Nodes=1
[    0.000000] Kernel/User page tables isolation: enabled
[    0.000000] ftrace: allocating 39494 entries in 155 pages
[    0.004000] Hierarchical RCU implementation.
[    0.004000] 	RCU restricting CPUs from NR_CPUS=8192 to nr_cpu_ids=2.
[    0.004000] 	Tasks RCU enabled.
[    0.004000] RCU: Adjusting geometry for rcu_fanout_leaf=16, nr_cpu_ids=2
[    0.004000] NR_IRQS: 524544, nr_irqs: 440, preallocated irqs: 16
[    0.004000] random: crng init done
[    0.004000] Console: colour VGA+ 80x25
[    0.004000] console [tty1] enabled
[    0.004000] console [ttyS0] enabled
[    0.004000] ACPI: Core revision 20170831
[    0.004000] ACPI: 2 ACPI AML tables successfully acquired and loaded
[    0.004000] APIC: Switch to symmetric I/O mode setup
[    0.004000] x2apic enabled
[    0.004019] Switched APIC routing to physical x2apic.
[    0.012000] ..TIMER: vector=0x30 apic1=0 pin1=2 apic2=-1 pin2=-1
[    0.012002] tsc: Detected 1394.582 MHz processor
[    0.016010] Calibrating delay loop (skipped) preset value.. 2789.16 BogoMIPS (lpj=5578328)
[    0.020002] pid_max: default: 32768 minimum: 301
[    0.024037] Security Framework initialized
[    0.026462] Yama: becoming mindful.
[    0.028000] AppArmor: AppArmor initialized
[    0.029472] Dentry cache hash table entries: 131072 (order: 8, 1048576 bytes)
[    0.036289] Inode-cache hash table entries: 65536 (order: 7, 524288 bytes)
[    0.040000] Mount-cache hash table entries: 2048 (order: 2, 16384 bytes)
[    0.040026] Mountpoint-cache hash table entries: 2048 (order: 2, 16384 bytes)
[    0.048807] Last level iTLB entries: 4KB 64, 2MB 8, 4MB 8
[    0.051831] Last level dTLB entries: 4KB 64, 2MB 0, 4MB 0, 1GB 4
[    0.052003] Spectre V1 : Mitigation: usercopy/swapgs barriers and __user pointer sanitization
[    0.056002] Spectre V2 : Mitigation: Retpolines
[    0.060002] Spectre V2 : Spectre v2 / SpectreRSB mitigation: Filling RSB on context switch
[    0.064002] Spectre V2 : Spectre v2 / SpectreRSB : Filling RSB on VMEXIT
[    0.068002] RETBleed: WARNING: Spectre v2 mitigation leaves CPU vulnerable to RETBleed attacks, data leaks possible!
[    0.072002] RETBleed: Vulnerable
[    0.073941] Speculative Store Bypass: Vulnerable
[    0.076084] MDS: Mitigation: Clear CPU buffers
[    0.078629] MMIO Stale Data: Mitigation: Clear CPU buffers
[    0.080002] SRBDS: Unknown: Dependent on hypervisor status
[    0.084166] Freeing SMP alternatives memory: 36K
[    0.202599] APIC calibration not consistent with PM-Timer: 102ms instead of 100ms
[    0.204000] APIC delta adjusted to PM-Timer: 6278481 (6410206)
[    0.204203] smpboot: CPU0: Intel(R) Core(TM) i5-8257U CPU @ 1.40GHz (family: 0x6, model: 0x8e, stepping: 0xa)
[    0.208216] Performance Events: unsupported p6 CPU model 142 no PMU driver, software events only.
[    0.212077] Hierarchical SRCU implementation.
[    0.216589] NMI watchdog: Perf event create on CPU 0 failed with -2
[    0.220002] NMI watchdog: Perf NMI watchdog permanently disabled
[    0.223347] smp: Bringing up secondary CPUs ...
[    0.224372] x86: Booting SMP configuration:
[    0.228002] .... node  #0, CPUs:      #1
[    0.004000] kvm-clock: cpu 1, msr 0:3ff44041, secondary cpu clock
[    0.232175] smp: Brought up 1 node, 2 CPUs
[    0.234450] smpboot: Max logical packages: 1
[    0.236005] smpboot: Total of 2 processors activated (5578.32 BogoMIPS)
[    0.240216] devtmpfs: initialized
[    0.241930] x86/mm: Memory block size: 128MB
[    0.244214] evm: security.selinux
[    0.248003] evm: security.SMACK64
[    0.249893] evm: security.SMACK64EXEC
[    0.252002] evm: security.SMACK64TRANSMUTE
[    0.254268] evm: security.SMACK64MMAP
[    0.256002] evm: security.apparmor
[    0.257944] evm: security.ima
[    0.259721] evm: security.capability
[    0.260212] clocksource: jiffies: mask: 0xffffffff max_cycles: 0xffffffff, max_idle_ns: 7645041785100000 ns
[    0.264009] futex hash table entries: 512 (order: 3, 32768 bytes)
[    0.268095] pinctrl core: initialized pinctrl subsystem
[    0.272331] RTC time: 22:54:04, date: 04/06/23
[    0.276338] NET: Registered protocol family 16
[    0.280080] audit: initializing netlink subsys (disabled)
[    0.284033] audit: type=2000 audit(1680821648.898:1): state=initialized audit_enabled=0 res=1
[    0.288011] cpuidle: using governor ladder
[    0.290576] cpuidle: using governor menu
[    0.292042] ACPI: bus type PCI registered
[    0.294283] acpiphp: ACPI Hot Plug PCI Controller Driver version: 0.5
[    0.296311] PCI: Using configuration type 1 for base access
[    0.304113] HugeTLB registered 2.00 MiB page size, pre-allocated 0 pages
[    0.308204] ACPI: Added _OSI(Module Device)
[    0.310383] ACPI: Added _OSI(Processor Device)
[    0.312026] ACPI: Added _OSI(3.0 _SCP Extensions)
[    0.316008] ACPI: Added _OSI(Processor Aggregator Device)
[    0.318898] ACPI: Added _OSI(Linux-Dell-Video)
[    0.320003] ACPI: Added _OSI(Linux-Lenovo-NV-HDMI-Audio)
[    0.324003] ACPI: Added _OSI(Linux-HPI-Hybrid-Graphics)
[    0.328156] ACPI: Executed 1 blocks of module-level executable AML code
[    0.335007] ACPI: Interpreter enabled
[    0.336012] ACPI: (supports S0 S5)
[    0.337954] ACPI: Using IOAPIC for interrupt routing
[    0.340342] PCI: Using host bridge windows from ACPI; if necessary, use "pci=nocrs" and report a bug
[    0.344202] ACPI: Enabled 2 GPEs in block 00 to 07
[    0.357763] ACPI: PCI Root Bridge [PCI0] (domain 0000 [bus 00-ff])
[    0.360007] acpi PNP0A03:00: _OSC: OS supports [ASPM ClockPM Segments MSI]
[    0.364681] acpi PNP0A03:00: _OSC: not requesting OS control; OS requires [ExtendedConfig ASPM ClockPM MSI]
[    0.368011] acpi PNP0A03:00: fail to add MMCONFIG information, can't access extended PCI configuration space under this bridge.
[    0.372600] PCI host bridge to bus 0000:00
[    0.374871] pci_bus 0000:00: root bus resource [io  0x0000-0x0cf7 window]
[    0.376003] pci_bus 0000:00: root bus resource [io  0x0d00-0xffff window]
[    0.380004] pci_bus 0000:00: root bus resource [mem 0x000a0000-0x000bffff window]
[    0.384003] pci_bus 0000:00: root bus resource [mem 0x40000000-0xfdffffff window]
[    0.388003] pci_bus 0000:00: root bus resource [bus 00-ff]
[    0.401622] pci 0000:00:01.1: legacy IDE quirk: reg 0x10: [io  0x01f0-0x01f7]
[    0.404003] pci 0000:00:01.1: legacy IDE quirk: reg 0x14: [io  0x03f6]
[    0.408002] pci 0000:00:01.1: legacy IDE quirk: reg 0x18: [io  0x0170-0x0177]
[    0.412003] pci 0000:00:01.1: legacy IDE quirk: reg 0x1c: [io  0x0376]
[    0.453036] pci 0000:00:07.0: quirk: [io  0x4000-0x403f] claimed by PIIX4 ACPI
[    0.456029] pci 0000:00:07.0: quirk: [io  0x4100-0x410f] claimed by PIIX4 SMB
[    0.468931] ACPI: PCI Interrupt Link [LNKA] (IRQs 5 9 10 *11)
[    0.472478] ACPI: PCI Interrupt Link [LNKB] (IRQs 5 9 *10 11)
[    0.475805] ACPI: PCI Interrupt Link [LNKC] (IRQs 5 *9 10 11)
[    0.476177] ACPI: PCI Interrupt Link [LNKD] (IRQs 5 9 10 *11)
[    0.480470] SCSI subsystem initialized
[    0.484119] pci 0000:00:02.0: vgaarb: setting as boot VGA device
[    0.487375] pci 0000:00:02.0: vgaarb: VGA device added: decodes=io+mem,owns=io+mem,locks=none
[    0.488004] pci 0000:00:02.0: vgaarb: bridge control possible
[    0.491066] vgaarb: loaded
[    0.492040] ACPI: bus type USB registered
[    0.494286] usbcore: registered new interface driver usbfs
[    0.496017] usbcore: registered new interface driver hub
[    0.500009] usbcore: registered new device driver usb
[    0.504096] EDAC MC: Ver: 3.0.0
[    0.508047] PCI: Using ACPI for IRQ routing
[    0.510894] NetLabel: Initializing
[    0.512002] NetLabel:  domain hash size = 128
[    0.514397] NetLabel:  protocols = UNLABELED CIPSOv4 CALIPSO
[    0.516016] NetLabel:  unlabeled traffic allowed by default
[    0.520209] clocksource: Switched to clocksource kvm-clock
[    0.543348] VFS: Disk quotas dquot_6.6.0
[    0.546435] VFS: Dquot-cache hash table entries: 512 (order 0, 4096 bytes)
[    0.550385] AppArmor: AppArmor Filesystem Enabled
[    0.553107] pnp: PnP ACPI init
[    0.557036] pnp: PnP ACPI: found 3 devices
[    0.574875] clocksource: acpi_pm: mask: 0xffffff max_cycles: 0xffffff, max_idle_ns: 2085701024 ns
[    0.579661] NET: Registered protocol family 2
[    0.582338] IP idents hash table entries: 16384 (order: 5, 131072 bytes)
[    0.586348] TCP established hash table entries: 8192 (order: 4, 65536 bytes)
[    0.590188] TCP bind hash table entries: 8192 (order: 5, 131072 bytes)
[    0.593846] TCP: Hash tables configured (established 8192 bind 8192)
[    0.597450] UDP hash table entries: 512 (order: 2, 16384 bytes)
[    0.600681] UDP-Lite hash table entries: 512 (order: 2, 16384 bytes)
[    0.604146] NET: Registered protocol family 1
[    0.606555] pci 0000:00:00.0: Limiting direct PCI/PCI transfers
[    0.609814] pci 0000:00:01.0: Activating ISA DMA hang workarounds
[    0.613227] pci 0000:00:02.0: Video device with shadowed ROM at [mem 0x000c0000-0x000dffff]
[    0.617866] Unpacking initramfs...
[    0.945978] Freeing initrd memory: 19532K
[    0.949300] clocksource: tsc: mask: 0xffffffffffffffff max_cycles: 0x141a221b4fe, max_idle_ns: 440795211769 ns
[    0.954726] platform rtc_cmos: registered platform RTC device (no PNP device found)
[    0.959027] Scanning for low memory corruption every 60 seconds
[    0.963635] Initialise system trusted keyrings
[    0.966164] Key type blacklist registered
[    0.968738] workingset: timestamp_bits=36 max_order=18 bucket_order=0
[    0.973625] zbud: loaded
[    0.976456] squashfs: version 4.0 (2009/01/31) Phillip Lougher
[    0.980169] fuse init (API version 7.26)
[    0.991388] Key type asymmetric registered
[    0.993725] Asymmetric key parser 'x509' registered
[    0.996417] Block layer SCSI generic (bsg) driver version 0.4 loaded (major 246)
[    1.000881] io scheduler noop registered
[    1.003262] io scheduler deadline registered
[    1.005718] io scheduler cfq registered (default)
[    1.009037] ACPI: AC Adapter [AC] (off-line)
[    1.011833] input: Power Button as /devices/LNXSYSTM:00/LNXPWRBN:00/input/input0
[    1.016389] ACPI: Power Button [PWRF]
[    1.018579] input: Sleep Button as /devices/LNXSYSTM:00/LNXSLPBN:00/input/input1
[    1.022633] ACPI: Sleep Button [SLPF]
[    1.027140] ACPI: Battery Slot [BAT0] (battery present)
[    1.030335] Serial: 8250/16550 driver, 32 ports, IRQ sharing enabled
[    1.037905] 00:02: ttyS0 at I/O 0x3f8 (irq = 4, base_baud = 115200) is a 16550A
[    1.037905] Linux agpgart interface v0.103
[    1.075046] loop: module loaded
[    1.079528] scsi host0: ata_piix
[    1.081976] scsi host1: ata_piix
[    1.084148] ata1: PATA max UDMA/33 cmd 0x1f0 ctl 0x3f6 bmdma 0xd000 irq 14
[    1.087971] ata2: PATA max UDMA/33 cmd 0x170 ctl 0x376 bmdma 0xd008 irq 15
[    1.092131] tun: Universal TUN/TAP device driver, 1.6
[    1.096092] PPP generic driver version 2.4.2
[    1.098705] ehci_hcd: USB 2.0 'Enhanced' Host Controller (EHCI) Driver
[    1.099268] ehci-pci: EHCI PCI platform driver
[    1.105100] ehci-platform: EHCI generic platform driver
[    1.108139] ohci_hcd: USB 1.1 'Open' Host Controller (OHCI) Driver
[    1.111679] ohci-pci: OHCI PCI platform driver
[    1.114433] ohci-platform: OHCI generic platform driver
[    1.117471] uhci_hcd: USB Universal Host Controller Interface driver
[    1.118403] i8042: PNP: PS/2 Controller [PNP0303:PS2K,PNP0f03:PS2M] at 0x60,0x64 irq 1,12
[    1.128209] serio: i8042 KBD port at 0x60,0x64 irq 1
[    1.131114] serio: i8042 AUX port at 0x60,0x64 irq 12
[    1.134265] mousedev: PS/2 mouse device common for all mice
[    1.138365] input: AT Translated Set 2 keyboard as /devices/platform/i8042/serio0/input/input2
[    1.144789] rtc_cmos rtc_cmos: rtc core: registered rtc_cmos as rtc0
[    1.149255] rtc_cmos rtc_cmos: alarms up to one day, 114 bytes nvram
[    1.152869] i2c /dev entries driver
[    1.155202] device-mapper: uevent: version 1.0.3
[    1.158363] device-mapper: ioctl: 4.37.0-ioctl (2017-09-20) initialised: dm-devel@redhat.com
[    1.164296] ledtrig-cpu: registered to indicate activity on CPUs
[    1.168855] NET: Registered protocol family 10
[    1.177605] Segment Routing with IPv6
[    1.179890] NET: Registered protocol family 17
[    1.182747] Key type dns_resolver registered
[    1.186118] mce: Using 0 MCE banks
[    1.188268] RAS: Correctable Errors collector initialized.
[    1.189921] sched_clock: Marking stable (1185921179, 0)->(1628060492, -442139313)
[    1.197158] registered taskstats version 1
[    1.199646] Loading compiled-in X.509 certificates
[    1.205723] Loaded X.509 cert 'Build time autogenerated kernel key: 05d3fa630a0ed8a65520e390196b077fd5e65720'
[    1.211513] Loaded X.509 cert 'Canonical Ltd. Live Patch Signing: 14df34d1a87cf37625abec039ef2bf521249b969'
[    1.217395] Loaded X.509 cert 'Canonical Ltd. Kernel Module Signing: 88f752e560a1e0737e31163a466ad7b70a850c19'
[    1.222848] blacklist: Loading compiled-in revocation X.509 certificates
[    1.226974] Loaded X.509 cert 'Canonical Ltd. Secure Boot Signing: 61482aa2830d0ab2ad5af10b7250da9033ddcef0'
[    1.232361] Loaded X.509 cert 'Canonical Ltd. Secure Boot Signing (2017): 242ade75ac4a15e50d50c84b0d45ff3eae707a03'
[    1.238142] Loaded X.509 cert 'Canonical Ltd. Secure Boot Signing (ESM 2018): 365188c1d374d6b07c3c8f240f8ef722433d6a8b'
[    1.244266] Loaded X.509 cert 'Canonical Ltd. Secure Boot Signing (2019): c0746fd6c5da3ae827864651ad66ae47fe24b3e8'
[    1.249919] Loaded X.509 cert 'Canonical Ltd. Secure Boot Signing (2021 v1): a8d54bbb3825cfb94fa13c9f8a594a195c107b8d'
[    1.273114] Loaded X.509 cert 'Canonical Ltd. Secure Boot Signing (2021 v2): 4cf046892d6fd3c9a5b03f98d845f90851dc6a8c'
[    1.279450] Loaded X.509 cert 'Canonical Ltd. Secure Boot Signing (2021 v3): 100437bb6de6e469b581e61cd66bce3ef4ed53af'
[    1.285938] Loaded X.509 cert 'Canonical Ltd. Secure Boot Signing (Ubuntu Core 2019): c1d57b8f6b743f23ee41f4f7ee292f06eecadfb9'
[    1.292892] zswap: loaded using pool lzo/zbud
[    1.316152] Key type big_key registered
[    1.318330] Key type trusted registered
[    1.322985] Key type encrypted registered
[    1.325309] AppArmor: AppArmor sha1 policy hashing enabled
[    1.328327] ima: No TPM chip found, activating TPM-bypass! (rc=-19)
[    1.331692] ima: Allocated hash algorithm: sha1
[    1.334277] evm: HMAC attrs: 0x1
[    1.336628]   Magic number: 3:663:956
[    1.338730] pci 0000:00:04.0: hash matches
[    1.341376] rtc_cmos rtc_cmos: setting system clock to 2023-04-06 22:54:05 UTC (1680821645)
[    1.346162] BIOS EDD facility v0.16 2004-Jun-25, 0 devices found
[    1.349675] EDD information not available.
[    1.354872] Freeing unused kernel image memory: 2480K
[    1.380938] Write protecting the kernel read-only data: 20480k
[    1.389013] Freeing unused kernel image memory: 2008K
[    1.394317] Freeing unused kernel image memory: 1820K
[    1.405443] x86/mm: Checked W+X mappings: passed, no W+X pages found.
[    1.409744] x86/mm: Checking user space page tables
[    1.418475] x86/mm: Checked W+X mappings: passed, no W+X pages found.
Loading, please wait...
starting version 237
[    1.496590] e1000: Intel(R) PRO/1000 Network Driver - version 7.3.21-k8-NAPI
[    1.501020] e1000: Copyright (c) 1999-2006 Intel Corporation.
[    1.509024] Fusion MPT base driver 3.04.20
[    1.511976] Copyright (c) 1999-2008 LSI Corporation
[    1.521984] Fusion MPT SPI Host driver 3.04.20
[    1.536129] AVX2 version of gcm_enc/dec engaged.
[    1.539032] AES CTR mode by8 optimization enabled
[    1.733825] input: ImExPS/2 Generic Explorer Mouse as /devices/platform/i8042/serio1/input/input4
[    2.000542] e1000 0000:00:03.0 eth0: (PCI:33MHz:32-bit) 02:6d:e6:35:46:3a
[    2.004570] e1000 0000:00:03.0 eth0: Intel(R) PRO/1000 Network Connection
[    2.011766] e1000 0000:00:03.0 enp0s3: renamed from eth0
[    2.015109] mptbase: ioc0: Initiating bringup
[    2.131503] ioc0: LSI53C1030 A0: Capabilities={Initiator}
[    2.391409] scsi host2: ioc0: LSI53C1030 A0, FwRev=00000000h, Ports=1, MaxQ=256, IRQ=20
[    2.571628] scsi 2:0:0:0: Direct-Access     VBOX     HARDDISK         1.0  PQ: 0 ANSI: 5
[    2.612716] scsi target2:0:0: Beginning Domain Validation
[    2.625177] scsi target2:0:0: Domain Validation skipping write tests
[    2.630998] scsi target2:0:0: Ending Domain Validation
[    2.635217] scsi target2:0:0: asynchronous
[    2.639178] scsi 2:0:1:0: Direct-Access     VBOX     HARDDISK         1.0  PQ: 0 ANSI: 5
[    2.677144] scsi target2:0:1: Beginning Domain Validation
[    2.688294] scsi target2:0:1: Domain Validation skipping write tests
[    2.693446] scsi target2:0:1: Ending Domain Validation
[    2.697702] scsi target2:0:1: asynchronous
[    2.707786] sd 2:0:0:0: [sda] 83886080 512-byte logical blocks: (42.9 GB/40.0 GiB)
[    2.712273] sd 2:0:0:0: [sda] Write Protect is off
[    2.715326] sd 2:0:0:0: Attached scsi generic sg0 type 0
[    2.718653] sd 2:0:0:0: [sda] Incomplete mode parameter data
[    2.721958] sd 2:0:0:0: [sda] Assuming drive cache: write through
[    2.725861] sd 2:0:1:0: [sdb] 20480 512-byte logical blocks: (10.5 MB/10.0 MiB)
[    2.729994] sd 2:0:1:0: [sdb] Write Protect is off
[    2.732833] sd 2:0:1:0: Attached scsi generic sg1 type 0
[    2.735976] sd 2:0:1:0: [sdb] Incomplete mode parameter data
[    2.739190] sd 2:0:1:0: [sdb] Assuming drive cache: write through
[    2.744873]  sda: sda1
[    2.747335] sd 2:0:0:0: [sda] Attached SCSI disk
[    2.751935] sd 2:0:1:0: [sdb] Attached SCSI disk
Begin: Loading essential drivers ... [    4.921331] raid6: sse2x1   gen() 12020 MB/s
[    4.968411] raid6: sse2x1   xor()  8873 MB/s
[    5.016347] raid6: sse2x2   gen() 14875 MB/s
[    5.064647] raid6: sse2x2   xor()  9986 MB/s
[    5.112584] raid6: sse2x4   gen() 17487 MB/s
[    5.160071] raid6: sse2x4   xor() 10321 MB/s
[    5.208517] raid6: avx2x1   gen() 24190 MB/s
[    5.256289] raid6: avx2x1   xor() 16736 MB/s
[    5.304189] raid6: avx2x2   gen() 28111 MB/s
[    5.352113] raid6: avx2x2   xor() 18527 MB/s
[    5.400300] raid6: avx2x4   gen() 34104 MB/s
[    5.448222] raid6: avx2x4   xor() 21011 MB/s
[    5.451096] raid6: using algorithm avx2x4 gen() 34104 MB/s
[    5.454242] raid6: .... xor() 21011 MB/s, rmw enabled
[    5.457116] raid6: using avx2x2 recovery algorithm
[    5.461121] xor: automatically using best checksumming function   avx       
[    5.466558] async_tx: api initialized (async)
done.
Begin: Running /scripts/init-premount ... done.
Begin: Mounting root file system ... Begin: Running /scripts/local-top ... done.
Begin: Running /scripts/local-premount ... [    5.519258] Btrfs loaded, crc32c=crc32c-intel
Scanning for Btrfs filesystems
done.
Warning: fsck not present, so skipping root file system
[    5.554010] EXT4-fs (sda1): mounted filesystem with ordered data mode. Opts: (null)
done.
Begin: Running /scripts/local-bottom ... done.
Begin: Running /scripts/init-bottom ... done.
[    5.798632] ip_tables: (C) 2000-2006 Netfilter Core Team
[    5.816006] systemd[1]: systemd 237 running in system mode. (+PAM +AUDIT +SELINUX +IMA +APPARMOR +SMACK +SYSVINIT +UTMP +LIBCRYPTSETUP +GCRYPT +GNUTLS +ACL +XZ +LZ4 +SECCOMP +BLKID +ELFUTILS +KMOD -IDN2 +IDN -PCRE2 default-hierarchy=hybrid)
[    5.828663] systemd[1]: Detected virtualization oracle.
[    5.831660] systemd[1]: Detected architecture x86-64.

Welcome to [1mUbuntu 18.04.6 LTS[0m!

[    5.848857] systemd[1]: Set hostname to <ubuntu>.
[    5.854925] systemd[1]: Initializing machine ID from random generator.
[    5.858460] systemd[1]: Installed transient /etc/machine-id file.
[    6.177449] systemd[1]: Created slice System Slice.
[[0;32m  OK  [0m] Created slice System Slice.
[    6.181599] systemd[1]: Listening on fsck to fsckd communication Socket.
[[0;32m  OK  [0m] Listening on fsck to fsckd communication Socket.
[    6.186884] systemd[1]: Listening on /dev/initctl Compatibility Named Pipe.
[[0;32m  OK  [0m] Listening on /dev/initctl Compatibility Named Pipe.
[    6.192373] systemd[1]: Listening on Journal Socket.
[[0;32m  OK  [0m] Listening on Journal Socket.
[[0;32m  OK  [0m] Listening on Journal Audit Socket.
[[0;32m  OK  [0m] Listening on Journal Socket (/dev/log).
         Starting Create list of required stâ€¦ce nodes for the current kernel...
[[0;32m  OK  [0m] Started Forward Password Requests to Wall Directory Watch.
[[0;32m  OK  [0m] Listening on LVM2 poll daemon socket.
[[0;32m  OK  [0m] Listening on Syslog Socket.
[[0;32m  OK  [0m] Listening on LVM2 metadata daemon socket.
[[0;32m  OK  [0m] Listening on udev Control Socket.
[[0;32m  OK  [0m] Listening on udev Kernel Socket.
         Starting udev Coldplug all Devices...
         Mounting POSIX Message Queue File System...
         Mounting Huge Pages File System...
         Starting Load Kernel Modules...
[[0;32m  OK  [0m] Set up automount Arbitrary Executabâ€¦rmats File System Automount Point.
         Starting Uncomplicated firewall...
[[0;32m  OK  [0m] Reached target User and Group Name Lookups.
[[0;32m  OK  [0m] Reached target Mounting snaps.
[[0;32m  OK  [0m] Reached target System Time Synchronized.
[[0;32m  OK  [0m] Reached target Mounted snaps.
[[0;32m  OK  [0m] Created slice User and Session Slice.
[[0;32m  OK  [0m] Reached target Slices.
[[0;32m  OK  [0m] Listening on Device-mapper event daemon FIFOs.
         Starting Monitoring of LVM2 mirrorsâ€¦ng dmeventd or progress polling...
         Starting File System Check on Root Device...
[[0;32m  OK  [0m] Created slice system-serial\x2dgetty.slice.
         Starting Set the console keyboard layout...
[[0;32m  OK  [0m] Reached target Swap.
         Mounting Kernel Debug File System...
         Starting Journal Service...
[[0;32m  OK  [0m] Listening on Network Service Netlink Socket.
[[0;32m  OK  [0m] Started Create list of required staâ€¦vice nodes for the current kernel.
[[0;32m  OK  [0m] Mounted POSIX Message Queue File System.
[[0;32m  OK  [0m] Mounted Huge Pages File System.
[[0;32m  OK  [0m] Started Uncomplicated firewall.
[[0;32m  OK  [0m] Mounted Kernel Debug File System.
[[0;32m  OK  [0m] Started File System Check Daemon to report status.
         Starting Create Static Device Nodes in /dev...
[    6.332315] Loading iSCSI transport class v2.0-870.
[[0;32m  OK  [0m] Started udev Coldplug all Devices.
[[0;32m  OK  [0m] Started Journal Service.
[[0;32m  OK  [0m] Started Create Static Device Nodes in /dev.
[[0;32m  OK  [0m] Started File System Check on Root Device.
         Starting Remount Root and Kernel File Systems...
[[0;32m  OK  [0m] Started LVM2 metadata daemon.
[    6.424706] iscsi: registered transport (tcp)
[    6.444113] iscsi: registered transport (iser)
[[0;32m  OK  [0m] Started Load Kernel Modules.
         Mounting FUSE Control File System...
         Starting Apply Kernel Variables...
         Mounting Kernel Configuration File System...
[[0;32m  OK  [0m] Mounted Kernel Configuration File System.
[[0;32m  OK  [0m] Mounted FUSE Control File System.
[[0;32m  OK  [0m] Started Remount Root and Kernel File Systems.
         Starting Flush Journal to Persistent Storage...
         Starting Load/Save Random Seed...
         Starting udev Kernel Device Manager...
[[0;32m  OK  [0m] Started Apply Kernel Variables.
[[0;32m  OK  [0m] Started Load/Save Random Seed.
[[0;32m  OK  [0m] Started Monitoring of LVM2 mirrors,â€¦sing dmeventd or progress polling.
[[0;32m  OK  [0m] Started udev Kernel Device Manager.
[[0;32m  OK  [0m] Started Flush Journal to Persistent Storage.
[[0;32m  OK  [0m] Found device /dev/ttyS0.
[[0;32m  OK  [0m] Listening on Load/Save RF Kill Switch Status /dev/rfkill Watch.
         Mounting Arbitrary Executable File Formats File System...
[[0;32m  OK  [0m] Mounted Arbitrary Executable File Formats File System.
[[0;32m  OK  [0m] Started Set the console keyboard layout.
[[0;32m  OK  [0m] Reached target Local File Systems (Pre).
[[0;32m  OK  [0m] Reached target Local File Systems.
         Starting AppArmor initialization...
         Starting Create Volatile Files and Directories...
         Starting Tell Plymouth To Write Out Runtime Data...
         Starting Set console font and keymap...
         Starting Commit a transient machine-id on disk...
         Starting ebtables ruleset management...
[[0;32m  OK  [0m] Started Dispatch Password Requests to Console Directory Watch.
[[0;32m  OK  [0m] Reached target Local Encrypted Volumes.
[[0;32m  OK  [0m] Started Tell Plymouth To Write Out Runtime Data.
[[0;32m  OK  [0m] Started Create Volatile Files and Directories.
         Starting Update UTMP about System Boot/Shutdown...
[[0;32m  OK  [0m] Started Update UTMP about System Boot/Shutdown.
[[0;32m  OK  [0m] Started Commit a transient machine-id on disk.
[[0;32m  OK  [0m] Started ebtables ruleset management.
[[0;32m  OK  [0m] Started AppArmor initialization.
         Starting Initial cloud-init job (pre-networking)...
         Starting Load AppArmor profiles managed internally by snapd...
[[0;32m  OK  [0m] Started Load AppArmor profiles managed internally by snapd.
[[0;32m  OK  [0m] Started Set console font and keymap.
[   10.538323] cloud-init[818]: Cloud-init v. 23.1.1-0ubuntu0~18.04.1 running 'init-local' at Thu, 06 Apr 2023 22:54:14 +0000. Up 10.17 seconds.
[[0;32m  OK  [0m] Started Initial cloud-init job (pre-networking).
[[0;32m  OK  [0m] Reached target Network (Pre).
         Starting Network Service...
[[0;32m  OK  [0m] Started Network Service.
         Starting Network Name Resolution...
         Starting Wait for Network to be Configured...
[[0;32m  OK  [0m] Started Network Name Resolution.
[[0;32m  OK  [0m] Reached target Network.
[[0;32m  OK  [0m] Reached target Host and Network Name Lookups.
[[0;32m  OK  [0m] Started Wait for Network to be Configured.
         Starting Initial cloud-init job (metadata service crawler)...
[   12.987099] cloud-init[974]: Cloud-init v. 23.1.1-0ubuntu0~18.04.1 running 'init' at Thu, 06 Apr 2023 22:54:16 +0000. Up 12.81 seconds.
[   12.990805] cloud-init[974]: ci-info: ++++++++++++++++++++++++++++++++++++++Net device info++++++++++++++++++++++++++++++++++++++
[   12.994486] cloud-init[974]: ci-info: +--------+------+----------------------------+---------------+--------+-------------------+
[   12.998430] cloud-init[974]: ci-info: | Device |  Up  |          Address           |      Mask     | Scope  |     Hw-Address    |
[   13.002502] cloud-init[974]: ci-info: +--------+------+----------------------------+---------------+--------+-------------------+
[   13.006478] cloud-init[974]: ci-info: | enp0s3 | True |         10.0.2.15          | 255.255.255.0 | global | 02:6d:e6:35:46:3a |
[   13.011179] cloud-init[974]: ci-info: | enp0s3 | True | fe80::6d:e6ff:fe35:463a/64 |       .       |  link  | 02:6d:e6:35:46:3a |
[   13.014923] cloud-init[974]: ci-info: |   lo   | True |         127.0.0.1          |   255.0.0.0   |  host  |         .         |
[   13.018712] cloud-init[974]: ci-info: |   lo   | True |          ::1/128           |       .       |  host  |         .         |
[   13.022301] cloud-init[974]: ci-info: +--------+------+----------------------------+---------------+--------+-------------------+
[   13.025898] cloud-init[974]: ci-info: ++++++++++++++++++++++++++++Route IPv4 info+++++++++++++++++++++++++++++
[   13.028563] cloud-init[974]: ci-info: +-------+-------------+----------+-----------------+-----------+-------+
[   13.030986] cloud-init[974]: ci-info: | Route | Destination | Gateway  |     Genmask     | Interface | Flags |
[   13.033764] cloud-init[974]: ci-info: +-------+-------------+----------+-----------------+-----------+-------+
[   13.036230] cloud-init[974]: ci-info: |   0   |   0.0.0.0   | 10.0.2.2 |     0.0.0.0     |   enp0s3  |   UG  |
[   13.046120] cloud-init[974]: ci-info: |   1   |   10.0.2.0  | 0.0.0.0  |  255.255.255.0  |   enp0s3  |   U   |
[   13.049477] cloud-init[974]: ci-info: |   2   |   10.0.2.2  | 0.0.0.0  | 255.255.255.255 |   enp0s3  |   UH  |
[   13.052326] cloud-init[974]: ci-info: +-------+-------------+----------+-----------------+-----------+-------+
[   13.054846] cloud-init[974]: ci-info: +++++++++++++++++++Route IPv6 info+++++++++++++++++++
[   13.057041] cloud-init[974]: ci-info: +-------+-------------+---------+-----------+-------+
[   13.059008] cloud-init[974]: ci-info: | Route | Destination | Gateway | Interface | Flags |
[   13.061056] cloud-init[974]: ci-info: +-------+-------------+---------+-----------+-------+
[   13.063274] cloud-init[974]: ci-info: |   1   |  fe80::/64  |    ::   |   enp0s3  |   U   |
[   13.065308] cloud-init[974]: ci-info: |   3   |    local    |    ::   |   enp0s3  |   U   |
[   13.067260] cloud-init[974]: ci-info: |   4   |   ff00::/8  |    ::   |   enp0s3  |   U   |
[   13.069381] cloud-init[974]: ci-info: +-------+-------------+---------+-----------+-------+
[   13.787924] cloud-init[974]: Generating public/private rsa key pair.
[   13.789733] cloud-init[974]: Your identification has been saved in /etc/ssh/ssh_host_rsa_key.
[   13.792027] cloud-init[974]: Your public key has been saved in /etc/ssh/ssh_host_rsa_key.pub.
[   13.794258] cloud-init[974]: The key fingerprint is:
[   13.795723] cloud-init[974]: SHA256:06ZueNsWPfOoEmFBCoUR2EM3n6pCj/iTVGSw4s0WbEI root@ubuntu-bionic
[   13.798299] cloud-init[974]: The key's randomart image is:
[   13.799984] cloud-init[974]: +---[RSA 2048]----+
[   13.801233] cloud-init[974]: | E.===+..        |
[   13.803030] cloud-init[974]: |. o.*o +..       |
[   13.804367] cloud-init[974]: |...* .. o.       |
[   13.819964] cloud-init[974]: |..= o  .o.       |
[   13.821507] cloud-init[974]: | ..=  ..S.o.     |
[   13.838207] cloud-init[974]: | ooo .  .+. +    |
[   13.839703] cloud-init[974]: |..o.o  ... . =   |
[   13.841416] cloud-init[974]: | .o.  ..+.. . .  |
[   13.842663] cloud-init[974]: |  ..   oo+o.     |
[   13.843947] cloud-init[974]: +----[SHA256]-----+
[   13.845173] cloud-init[974]: Generating public/private dsa key pair.
[   13.846785] cloud-init[974]: Your identification has been saved in /etc/ssh/ssh_host_dsa_key.
[   13.848935] cloud-init[974]: Your public key has been saved in /etc/ssh/ssh_host_dsa_key.pub.
[   13.851140] cloud-init[974]: The key fingerprint is:
[   13.852423] cloud-init[974]: SHA256:Mu5NSMxTGzU7LCLyz9EYEBK4A/PzDFxJhSadkSFjJyI root@ubuntu-bionic
[   13.855086] cloud-init[974]: The key's randomart image is:
[   13.856493] cloud-init[974]: +---[DSA 1024]----+
[   13.857744] cloud-init[974]: |E.B+BX.   o      |
[   13.858960] cloud-init[974]: |=o.*O.   o o     |
[   13.860291] cloud-init[974]: |.=.+. o + +      |
[   13.861638] cloud-init[974]: |o =o + * + .     |
[   13.863269] cloud-init[974]: | . =. X S        |
[   13.864611] cloud-init[974]: |    o= *         |
[   13.865841] cloud-init[974]: |      = .        |
[   13.867038] cloud-init[974]: |     . o         |
[   13.868235] cloud-init[974]: |      . .        |
[   13.869798] cloud-init[974]: +----[SHA256]-----+
[   13.870989] cloud-init[974]: Generating public/private ecdsa key pair.
[   13.872651] cloud-init[974]: Your identification has been saved in /etc/ssh/ssh_host_ecdsa_key.
[   13.874802] cloud-init[974]: Your public key has been saved in /etc/ssh/ssh_host_ecdsa_key.pub.
[   13.877594] cloud-init[974]: The key fingerprint is:
[   13.879088] cloud-init[974]: SHA256:YlctqoEEn24olC7mgpWulO8Joagk73eelL1hSX9D/6M root@ubuntu-bionic
[   13.881675] cloud-init[974]: The key's randomart image is:
[   13.883159] cloud-init[974]: +---[ECDSA 256]---+
[   13.884428] cloud-init[974]: |  .              |
[   13.885757] cloud-init[974]: |  .o .     .     |
[   13.887287] cloud-init[974]: | o  +     o .    |
[   13.888974] cloud-init[974]: |o  = .   o .     |
[   13.890223] cloud-init[974]: |o++ + + S   .    |
[   13.891439] cloud-init[974]: |B+o. . O o . .   |
[   13.892688] cloud-init[974]: |**.   + = . o .  |
[   13.893892] cloud-init[974]: |*oo o..o o . . o |
[   13.895179] cloud-init[974]: |o.+= oo .    E. o|
[   13.896515] cloud-init[974]: +----[SHA256]-----+
[   13.897693] cloud-init[974]: Generating public/private ed25519 key pair.
[   13.899372] cloud-init[974]: Your identification has been saved in /etc/ssh/ssh_host_ed25519_key.
[   13.901605] cloud-init[974]: Your public key has been saved in /etc/ssh/ssh_host_ed25519_key.pub.
[   13.903767] cloud-init[974]: The key fingerprint is:
[   13.905148] cloud-init[974]: SHA256:nTJYs4wjQ/n51QEVkn+A9AFFuEZe0DJMQ6+VSpNk5L4 root@ubuntu-bionic
[   13.907505] cloud-init[974]: The key's randomart image is:
[   13.909010] cloud-init[974]: +--[ED25519 256]--+
[   13.910255] cloud-init[974]: |         *&@*.   |
[   13.911439] cloud-init[974]: |     .   +OB+o   |
[   13.912758] cloud-init[974]: |    o   oo=**.   |
[   13.913985] cloud-init[974]: |   . . * *+B...  |
[   13.915208] cloud-init[974]: |    o * S.B ..   |
[   13.916475] cloud-init[974]: |     o o + .     |
[   13.917695] cloud-init[974]: |        . E      |
[   13.918972] cloud-init[974]: |                 |
[   13.920160] cloud-init[974]: |                 |
[   13.921468] cloud-init[974]: +----[SHA256]-----+
[[0;32m  OK  [0m] Started Initial cloud-init job (metadata service crawler).
[[0;32m  OK  [0m] Reached target Cloud-config availability.
[[0;32m  OK  [0m] Reached target System Initialization.
[[0;32m  OK  [0m] Listening on Open-iSCSI iscsid Socket.
[[0;32m  OK  [0m] Started Ubuntu Advantage Timer for running repeated jobs.
[[0;32m  OK  [0m] Started ACPI Events Check.
[[0;32m  OK  [0m] Listening on cloud-init hotplug hook socket.
[[0;32m  OK  [0m] Started Message of the Day.
         Starting LXD - unix socket.
         Starting Socket activation for snappy daemon.
[[0;32m  OK  [0m] Started Daily apt download activities.
[[0;32m  OK  [0m] Started Discard unused blocks once a week.
[[0;32m  OK  [0m] Listening on D-Bus System Message Bus Socket.
[[0;32m  OK  [0m] Started Daily Cleanup of Temporary Directories.
[[0;32m  OK  [0m] Listening on ACPID Listen Socket.
[[0;32m  OK  [0m] Started Daily apt upgrade and clean activities.
[[0;32m  OK  [0m] Reached target Timers.
[[0;32m  OK  [0m] Reached target Paths.
[[0;32m  OK  [0m] Listening on UUID daemon activation socket.
[[0;32m  OK  [0m] Reached target Network is Online.
         Starting Availability of block devices...
[[0;32m  OK  [0m] Reached target Remote File Systems (Pre).
[[0;32m  OK  [0m] Reached target Remote File Systems.
[[0;32m  OK  [0m] Listening on LXD - unix socket.
[[0;32m  OK  [0m] Listening on Socket activation for snappy daemon.
[[0;32m  OK  [0m] Started Availability of block devices.
[[0;32m  OK  [0m] Reached target Sockets.
[[0;32m  OK  [0m] Reached target Basic System.
[[0;32m  OK  [0m] Started FUSE filesystem for LXC.
[[0;32m  OK  [0m] Started irqbalance daemon.
         Starting LSB: automatic crash report generation...
         Starting Virtualbox guest utils...
         Starting Accounts Service...
[[0;32m  OK  [0m] Reached target Login Prompts (Pre).
[[0;32m  OK  [0m] Started D-Bus System Message Bus.
         Starting Permit User Sessions...
         Starting LXD - container startup/shutdown...
         Starting LSB: Record successful boot for GRUB...
[[0;32m  OK  [0m] Started Deferred execution scheduler.
         Starting Snap Daemon...
[[0;32m  OK  [0m] Started Regular background program processing daemon.
         Starting System Logging Service...
         Starting Pollinate to seed the pseudo random number generator...
         Starting Login Service...
         Starting Dispatcher daemon for systemd-networkd...
[[0;32m  OK  [0m] Started System Logging Service.
[[0;32m  OK  [0m] Started Permit User Sessions.
[[0;32m  OK  [0m] Started LXD - container startup/shutdown.
[[0;32m  OK  [0m] Started Login Service.
[[0;32m  OK  [0m] Started Unattended Upgrades Shutdown.
         Starting Authorization Manager...
         Starting Terminate Plymouth Boot Screen...
         Starting Hold until boot process finishes up...
[[0;32m  OK  [0m] Started Terminate Plymouth Boot Screen.
[[0;32m  OK  [0m] Started Hold until boot process finishes up.
         Starting Set console scheme...
[[0;32m  OK  [0m] Started Serial Getty on ttyS0.
[[0;32m  OK  [0m] Started LSB: automatic crash report generation.
[[0;32m  OK  [0m] Started Authorization Manager.
[[0;32m  OK  [0m] Started Accounts Service.
[[0;32m  OK  [0m] Started Set console scheme.
[[0;32m  OK  [0m] Created slice system-getty.slice.
[[0;32m  OK  [0m] Started Getty on tty1.
[[0;32m  OK  [0m] Reached target Login Prompts.
[[0;32m  OK  [0m] Started LSB: Record successful boot for GRUB.
[[0;32m  OK  [0m] Started Virtualbox guest utils.
[[0;32m  OK  [0m] Started Dispatcher daemon for systemd-networkd.
[[0;32m  OK  [0m] Started Snap Daemon.
         Starting Wait until snapd is fully seeded...
         Starting Time & Date Service...
[[0;32m  OK  [0m] Started Time & Date Service.
[[0;32m  OK  [0m] Started Pollinate to seed the pseudo random number generator.
         Starting OpenBSD Secure Shell server...
[[0;32m  OK  [0m] Started OpenBSD Secure Shell server.
[[0;32m  OK  [0m] Created slice User Slice of vagrant.
         Starting User Manager for UID 1000...
[[0;32m  OK  [0m] Started Session 1 of user vagrant.
[[0;32m  OK  [0m] Started User Manager for UID 1000.

Ubuntu 18.04.6 LTS ubuntu-bionic ttyS0

ubuntu-bionic login: [   21.484264] cloud-init[1645]: Cloud-init v. 23.1.1-0ubuntu0~18.04.1 running 'modules:config' at Thu, 06 Apr 2023 22:54:25 +0000. Up 21.02 seconds.
ci-info: no authorized SSH keys fingerprints found for user ubuntu.
<14>Apr  6 22:54:26 cloud-init: #############################################################
<14>Apr  6 22:54:26 cloud-init: -----BEGIN SSH HOST KEY FINGERPRINTS-----
<14>Apr  6 22:54:26 cloud-init: 1024 SHA256:Mu5NSMxTGzU7LCLyz9EYEBK4A/PzDFxJhSadkSFjJyI root@ubuntu-bionic (DSA)
<14>Apr  6 22:54:26 cloud-init: 256 SHA256:YlctqoEEn24olC7mgpWulO8Joagk73eelL1hSX9D/6M root@ubuntu-bionic (ECDSA)
<14>Apr  6 22:54:26 cloud-init: 256 SHA256:nTJYs4wjQ/n51QEVkn+A9AFFuEZe0DJMQ6+VSpNk5L4 root@ubuntu-bionic (ED25519)
<14>Apr  6 22:54:26 cloud-init: 2048 SHA256:06ZueNsWPfOoEmFBCoUR2EM3n6pCj/iTVGSw4s0WbEI root@ubuntu-bionic (RSA)
<14>Apr  6 22:54:26 cloud-init: -----END SSH HOST KEY FINGERPRINTS-----
<14>Apr  6 22:54:26 cloud-init: #############################################################
-----BEGIN SSH HOST KEY KEYS-----
ecdsa-sha2-nistp256 AAAAE2VjZHNhLXNoYTItbmlzdHAyNTYAAAAIbmlzdHAyNTYAAABBBNVQZ3PeKFrcKhQnMkIGLIVvFZdxDDm6WOaBEno9W2XOXUdn0cfKPRhrwesAOiCmnILW3VO2EZCGC22nYkZeSls= root@ubuntu-bionic
ssh-ed25519 AAAAC3NzaC1lZDI1NTE5AAAAILYOKJT4brH7iaS1bhwraZevwnOr1OmaGLzFemJBgcK+ root@ubuntu-bionic
ssh-rsa AAAAB3NzaC1yc2EAAAADAQABAAABAQDicviwqJ38zhg405LPx9w2pPp4RcnXO4gwM9H+i3TusmZyLFX7ZYAaOovCj6CDSpsZLd82WM5fAGcPJTIUFM6FHr93BGkXbbz+z3NAU5ZqIUTeySKcf5APXp3XagU88AgZ+S6Srb2KUOaTsOSrmxGs6cRmxi418Mp8HDrYiGvG1R95Z6n+VprZBKqWO5rQ4HoePhjsh6XRcHZEoRw+JsDsAJV2ZXNGYzwFhklrN8Yj8NE6x7UM3k3GLjdz+h35bPs6xf4lBUWlP+p1kn41YZYUdAFS/zl1UpdSOHlZPlBO1ruz/LihKn3cBRX6B6fxKqbmymoForh0gGS3zYFxben9 root@ubuntu-bionic
-----END SSH HOST KEY KEYS-----
[   22.311629] cloud-init[1850]: Cloud-init v. 23.1.1-0ubuntu0~18.04.1 running 'modules:final' at Thu, 06 Apr 2023 22:54:26 +0000. Up 22.07 seconds.
[   22.316932] cloud-init[1850]: Cloud-init v. 23.1.1-0ubuntu0~18.04.1 finished at Thu, 06 Apr 2023 22:54:26 +0000. Datasource DataSourceNoCloud [seed=/dev/sdb][dsmode=net].  Up 22.30 seconds
